// Vitest Snapshot v1, https://vitest.dev/guide/snapshot.html

exports[`PodcastCard > should render correctly with valid title, author, and imageURL 1`] = `
<div>
  <div
    class="flex flex-col items-center relative min-w-[5rem] max-w-[13rem]"
  >
    <img
      alt="Test Podcast"
      class="absolute top-5 left-auto w-[7rem] rounded-full shadow-md aspect-square object-cover"
      src="test.jpg"
    />
    <div
      class="w-full flex flex-col gap-2 rounded-md border shadow-md mt-[5rem] pt-[4rem] min-h-[9rem] px-[.5rem] pb-[.7rem]  hover:shadow-2xl ease-in-out duration-300 "
    >
      <h2
        class="font-semibold text-center"
      >
        TEST PODCAST
      </h2>
      <p
        class="text-gray-400 text-sm text-center font-semibold"
      >
        Author: 
        Test Author
      </p>
    </div>
  </div>
</div>
`;
